// Vitest Snapshot v1, https://vitest.dev/guide/snapshot.html

exports[`96-col renders (eyeball snapshots) > co2-mauna-loa 1`] = `
"                                         Atmospheric CO2                                        
co2_ppm                                                                                         
    │                                                                                        ─│ 
430 ┤                                                                                  ─│   ─│\\ 
    │                                                                                 / \\  /   \\
    │                                                                           ──\\  /   │/     
    │                                                                      ─│  ─│  │/    /      
    │                                                                ─│   / \\  │   ─│           
420 ┤                                                          ─│   ─│\\  ─│  ─/                 
    │                                                    ─│   / \\  /   │/                       
    │                                              ─│   / \\  /   │/    ─│                       
    │                                             ─│\\  /   │/    ─│                             
410 ┤                                  \\     ─│  /   │/    ─│                                   
    │                            \\    ─││  ─/ \\ ─│   ─│                                         
    │                           //│  ─│ \\  │   ─│                                               
    │                      \\    / \\ ─│   ─/                                                     
    │                ─│   / \\  /   ─│                                                           
400 ┤          \\    / \\  ─│  │/                                                                 
    │    \\    ─│\\  ─│  │/    ─│                                                                 
    │   ─││  /   │/    ─│                                                                       
    │  ─│ ─│─│   ─│                                                                             
    │ ─│   ─│                                                                                   
390 └/─┴─────┴─────┴─────┴─────┴─────┴─────┴─────┴─────┴─────┴─────┴─────┴─────┴─────┴─────┴────
     2012  2013  2014  2015  2016  2017  2018  2019  2020  2021  2022  2023  2024  2025  2026   "
`;

exports[`96-col renders (eyeball snapshots) > global-temperature 1`] = `
"                                   Global temperature anomaly                                   
anomaly_c                                                                                       
     │                                                                                        \\ 
 1.2 ┤                                                                                        │\\
     │                                                                                        ▕ 
     │                                                                                   \\ ─\\▏  
     │                                                                                   │\\│\\▏  
     │                                                                                  // │ │  
 0.8 ┤                                                                                │ /       
     │                                                                           │ ─\\/│─│       
     │                                                                        \\ /\\// │/         
     │                                                                    │  │\\\\/ /             
 0.4 ┤                                                                  \\/\\ ///─│               
     │                                                              \\\\  │/\\\\//                  
     │                                     \\ \\                    │/\\\\\\/   /                    
     │                                     \\\\│\\                \\  ││ │/                         
   0 ├──────┴─────┴─────┴──────┴─────┴────///─\\\\─┴─│──\\┴─▏───\\/\\\\|/┴──────┴─────┴─────┴─────┴───
     │                                   ─/    \\  ││ │ / | ─/ │ \\▏                              
     │ \\    │   \\ ─\\       ▏      \\  ─\\\\/       \\//─\\│    /      ▏                              
     │/ │  /││ /\\\\│\\\\ \\    ▏   \\  │\\ |\\││        /   │    │                                     
     │  ──///──│ /  │/\\\\  ▏ ▕──│─/ \\|  │                                                        
-0.4 ┤    / /       \\│ \\\\ ▏ \\│      ▏                                                           
     │               │  │/   │                                                                  
          1890  1900  1910   1920  1930  1940  1950  1960  1970  1980   1990  2000  2010  2020  "
`;

exports[`96-col renders (eyeball snapshots) > treasury-yield-10y 1`] = `
"                                    US 10-year Treasury yield                                   
yield_10y_pct                                                                                   
    │              │                                                                            
    │              │                                                                            
    │           \\ ▏\\    \\                                                                       
4.5 ┤▏          \\\\▏\\\\   ││           \\                                                          
    │▏          │││ \\│ ││\\  │        ││                                                         
    │|| \\       |/   \\/││\\\\/│      │─│\\ \\ │                                                     
4.4 ┤ ▕ ▕│     |      /││ / │      ││ \\\\│/│                                                     
    │ │▏ │   \\─▏       /  │ ─\\    /││  \\│ ││                                                    
    │ \\▏ │  /\\│               │  / ─│   │ /│    ─││                                             
4.3 ┤ \\│ \\  │ │               \\  │         │    │\\│                                             
    │  │  \\ │ │                \\ │         │  ─││ ──│ │                                         
    │      ││                   /          \\ / /    │/│                                         
4.2 ┤      //                               ─│      / \\       \\                                 
    │      /                                           │      \\\\  │         │          ─│─│ \\  │
    │                                                  │    ─││─│/││        │  \\      / / \\/ \\ │
    │                                                  │    │/  │//│      ─\\──││─│    │ │  │  / 
4.1 ┤                                                  \\\\  //   /  │      │ │ /  │   //         
    │                                                   \\\\─/       \\ │    ▕      \\  //          
    │                                                    //│        /\\  \\▏        \\ /           
  4 ┤                                                    /           │\\/ ▏         /            
    └───────┴─────────┴──────────┴─────────┴──────────┴─────────┴──────│───┴─────────┴──────────
           May      June       July     August    September  October   November  December       "
`;

exports[`96-col renders (eyeball snapshots) > us-unemployment 1`] = `
"                                      US unemployment rate                                      
unemployment_rate                                                                               
   │                                                     █                                      
14 ┤                                                     █                                      
   │                                                     █                                      
   │                                                     █                                      
12 ┤                                                     █                                      
   │                                                     ██                                     
10 ┤                                                     ██                                     
   │                                                     ██                                     
   │███                                                  ██                                     
 8 ┤██████████                                           ███                                    
   │██████████████                                       ███                                    
   │██████████████████                                   █████                                  
 6 ┤██████████████████████ █                             ████████                               
   │████████████████████████████████                     █████████                              
   │████████████████████████████████████████            ███████████               ██████████████
 4 ┤████████████████████████████████████████████████████████████████████████████████████████████
   │████████████████████████████████████████████████████████████████████████████████████████████
 2 ┤████████████████████████████████████████████████████████████████████████████████████████████
   │████████████████████████████████████████████████████████████████████████████████████████████
   │████████████████████████████████████████████████████████████████████████████████████████████
 0 └───┴─────┴─────┴─────┴─────┴─────┴─────┴─────┴─────┴─────┴─────┴─────┴─────┴─────┴─────┴────
     2012  2013  2014  2015  2016  2017  2018  2019  2020  2021  2022  2023  2024  2025  2026   "
`;
